[demo.graygrids.com/themes/bright/index.html]
[backblue.gif]
[fade.gif]
[index.html]
[demo.graygrids.com/themes/bright/assets/css/bootstrap.min.css]
[demo.graygrids.com/themes/bright/assets/css/main.css]
[demo.graygrids.com/themes/bright/assets/css/normalize.css]
[demo.graygrids.com/themes/bright/assets/fonts/font-awesome.min.css]
[demo.graygrids.com/themes/bright/assets/css/color-switcher.css]
[demo.graygrids.com/themes/bright/assets/extras/animate.css]
[demo.graygrids.com/themes/bright/assets/extras/owl.carousel.css]
[demo.graygrids.com/themes/bright/assets/extras/owl.theme.css]
[demo.graygrids.com/themes/bright/assets/extras/settings.css]
[demo.graygrids.com/themes/bright/assets/extras/nivo-lightbox.css]
[demo.graygrids.com/themes/bright/assets/css/slicknav.css]
[demo.graygrids.com/themes/bright/assets/css/responsive.css]
[demo.graygrids.com/themes/bright/assets/css/colors/sky.css]
[demo.graygrids.com/themes/bright/login.html]
[demo.graygrids.com/themes/bright/index-2.html]
[demo.graygrids.com/themes/bright/assets/img/logo.png]
[demo.graygrids.com/themes/bright/index-1.html]
[demo.graygrids.com/themes/bright/courses-list.html]
[demo.graygrids.com/themes/bright/courses-grid.html]
[demo.graygrids.com/themes/bright/courses-single.html]
[demo.graygrids.com/themes/bright/about.html]
[demo.graygrids.com/themes/bright/gallery.html]
[demo.graygrids.com/themes/bright/faq.html]
[demo.graygrids.com/themes/bright/single-teacher.html]
[demo.graygrids.com/themes/bright/registration.html]
[demo.graygrids.com/themes/bright/contact.html]
[demo.graygrids.com/themes/bright/404.html]
[demo.graygrids.com/themes/bright/event-grid.html]
[demo.graygrids.com/themes/bright/blog-left-sidebar.html]
[demo.graygrids.com/themes/bright/blog-full-width.html]
[demo.graygrids.com/themes/bright/single-post.html]
[demo.graygrids.com/themes/bright/assets/img/slider/bg-1.jpg]
[demo.graygrids.com/themes/bright/assets/img/slider/bg-2.jpg]
[demo.graygrids.com/themes/bright/assets/img/slider/bg-3.jpg]
[demo.graygrids.com/themes/bright/assets/img/features/img1.png]
[demo.graygrids.com/themes/bright/assets/img/courses/img-1.jpg]
[demo.graygrids.com/themes/bright/assets/img/courses/thumb-teacher-1.jpg]
[demo.graygrids.com/themes/bright/assets/img/courses/img-2.jpg]
[demo.graygrids.com/themes/bright/assets/img/courses/thumb-teacher-2.jpg]
[demo.graygrids.com/themes/bright/assets/img/courses/img-3.jpg]
[demo.graygrids.com/themes/bright/assets/img/courses/thumb-teacher-3.jpg]
[demo.graygrids.com/themes/bright/assets/img/courses/img-4.jpg]
[demo.graygrids.com/themes/bright/assets/img/courses/img-5.jpg]
[demo.graygrids.com/themes/bright/assets/img/courses/img-6.jpg]
[demo.graygrids.com/themes/bright/assets/img/features/why.png]
[demo.graygrids.com/themes/bright/assets/img/teacher/img-1.png]
[demo.graygrids.com/themes/bright/assets/img/teacher/img-2.png]
[demo.graygrids.com/themes/bright/assets/img/teacher/img-3.png]
[demo.graygrids.com/themes/bright/assets/img/testimonial/avatar1.jpg]
[demo.graygrids.com/themes/bright/assets/img/testimonial/avatar2.jpg]
[demo.graygrids.com/themes/bright/assets/img/testimonial/avatar3.jpg]
[demo.graygrids.com/themes/bright/assets/img/testimonial/avatar4.jpg]
[demo.graygrids.com/themes/bright/assets/img/news/img-1.jpg]
[demo.graygrids.com/themes/bright/assets/img/news/img-2.jpg]
[demo.graygrids.com/themes/bright/assets/img/news/img-3.jpg]
[demo.graygrids.com/themes/bright/assets/img/news/img-4.jpg]
[demo.graygrids.com/themes/bright/assets/img/flicker/img1.jpg]
[demo.graygrids.com/themes/bright/assets/img/flicker/img2.jpg]
[demo.graygrids.com/themes/bright/assets/img/flicker/img3.jpg]
[demo.graygrids.com/themes/bright/assets/img/flicker/img4.jpg]
[demo.graygrids.com/themes/bright/assets/img/flicker/img5.jpg]
[demo.graygrids.com/themes/bright/assets/img/flicker/img6.jpg]
[demo.graygrids.com/themes/bright/assets/js/jquery.min.js]
[demo.graygrids.com/themes/bright/assets/js/bootstrap.min.js]
[demo.graygrids.com/themes/bright/assets/js/color-switcher.js]
[demo.graygrids.com/themes/bright/assets/js/jquery.mixitup.js]
[demo.graygrids.com/themes/bright/assets/js/nivo-lightbox.min.js]
[demo.graygrids.com/themes/bright/assets/js/jquery.countdown.js]
[demo.graygrids.com/themes/bright/assets/js/jquery.counterup.min.js]
[demo.graygrids.com/themes/bright/assets/js/owl.carousel.min.js]
[demo.graygrids.com/themes/bright/assets/js/form-validator.min.js]
[demo.graygrids.com/themes/bright/assets/js/contact-form-script.js]
[demo.graygrids.com/themes/bright/assets/js/jquery.themepunch.revolution.min.js]
[demo.graygrids.com/themes/bright/assets/js/jquery.themepunch.tools.min.js]
[demo.graygrids.com/themes/bright/assets/js/jquery.slicknav.js]
[demo.graygrids.com/themes/bright/assets/js/main.js]
[demo.graygrids.com/themes/bright/index.html]
[demo.graygrids.com/themes/bright/assets/css/bootstrap.min.css]
[demo.graygrids.com/themes/bright/assets/img/skin.png]
[demo.graygrids.com/themes/bright/assets/img/background/bg.jpg]
[demo.graygrids.com/themes/bright/assets/img/background/parallax-1.jpg]
[demo.graygrids.com/themes/bright/assets/img/background/counter-bg.jpg]
[demo.graygrids.com/themes/bright/assets/img/background/testimonial-bg.jpg]
[demo.graygrids.com/themes/bright/assets/css/main.css]
[demo.graygrids.com/themes/bright/assets/css/normalize.css]
[demo.graygrids.com/themes/bright/assets/fonts/fontawesome-webfont3e6e.eot]
[demo.graygrids.com/themes/bright/assets/fonts/fontawesome-webfontd41d.eot]
[demo.graygrids.com/themes/bright/assets/fonts/fontawesome-webfont3e6e.woff2]
[demo.graygrids.com/themes/bright/assets/fonts/fontawesome-webfont3e6e.woff]
[demo.graygrids.com/themes/bright/assets/fonts/fontawesome-webfont3e6e.ttf]
[demo.graygrids.com/themes/bright/assets/fonts/font-awesome.min.css]
[demo.graygrids.com/themes/bright/assets/css/color-switcher.css]
[demo.graygrids.com/themes/bright/assets/extras/animate.css]
[demo.graygrids.com/themes/bright/assets/fonts/fontawesome-webfont3e6e.svg]
[demo.graygrids.com/themes/bright/assets/extras/owl.carousel.css]
[demo.graygrids.com/themes/bright/assets/extras/owl.theme.css]
[demo.graygrids.com/themes/bright/assets/extras/settings.css]
[demo.graygrids.com/themes/bright/assets/extras/nivo-lightbox.css]
[demo.graygrids.com/themes/bright/assets/css/slicknav.css]
[demo.graygrids.com/themes/bright/assets/css/responsive.css]
[demo.graygrids.com/themes/bright/assets/css/colors/sky.css]
[demo.graygrids.com/themes/bright/assets/img/banner1.jpg]
[demo.graygrids.com/themes/bright/login.html]
[demo.graygrids.com/themes/bright/index-2.html]
[demo.graygrids.com/themes/bright/assets/img/dummy.png]
[demo.graygrids.com/themes/bright/index-1.html]
[demo.graygrids.com/themes/bright/courses-list.html]
[demo.graygrids.com/themes/bright/courses-grid.html]
[demo.graygrids.com/themes/bright/assets/img/event/img-1.jpg]
[demo.graygrids.com/themes/bright/assets/img/event/img-2.jpg]
[demo.graygrids.com/themes/bright/assets/img/event/img-3.jpg]
[demo.graygrids.com/themes/bright/assets/img/blog/thumb2.jpg]
[demo.graygrids.com/themes/bright/courses-single.html]
[demo.graygrids.com/themes/bright/assets/img/about/img1.jpg]
[demo.graygrids.com/themes/bright/about.html]
[demo.graygrids.com/themes/bright/assets/img/portfolio/img1.jpg]
[demo.graygrids.com/themes/bright/assets/img/portfolio/img2.jpg]
[demo.graygrids.com/themes/bright/assets/img/portfolio/img3.jpg]
[demo.graygrids.com/themes/bright/assets/img/portfolio/img4.jpg]
[demo.graygrids.com/themes/bright/assets/img/portfolio/img5.jpg]
[demo.graygrids.com/themes/bright/assets/img/portfolio/img6.jpg]
[demo.graygrids.com/themes/bright/gallery.html]
[demo.graygrids.com/themes/bright/faq.html]
[demo.graygrids.com/themes/bright/assets/img/teacher/img-01.jpg]
[demo.graygrids.com/themes/bright/single-teacher.html]
[demo.graygrids.com/themes/bright/registration.html]
[demo.graygrids.com/themes/bright/assets/img/map-marker.png]
[demo.graygrids.com/themes/bright/contact.html]
[demo.graygrids.com/themes/bright/404.html]
[demo.graygrids.com/themes/bright/assets/img/event/events-1.jpg]
[demo.graygrids.com/themes/bright/assets/img/event/events-2.jpg]
[demo.graygrids.com/themes/bright/assets/img/event/events-3.jpg]
[demo.graygrids.com/themes/bright/assets/img/event/events-4.jpg]
[demo.graygrids.com/themes/bright/assets/img/event/events-5.jpg]
[demo.graygrids.com/themes/bright/assets/img/event/events-6.jpg]
[demo.graygrids.com/themes/bright/event-grid.html]
[demo.graygrids.com/themes/bright/blog.html]
[demo.graygrids.com/themes/bright/event.html]
[demo.graygrids.com/themes/bright/assets/img/blog/thumb-post1.jpg]
[demo.graygrids.com/themes/bright/assets/img/blog/thumb-post2.jpg]
[demo.graygrids.com/themes/bright/assets/img/blog/thumb-post3.jpg]
[demo.graygrids.com/themes/bright/assets/img/blog/thumb1.jpg]
[demo.graygrids.com/themes/bright/assets/img/blog/thumb3.jpg]
[demo.graygrids.com/themes/bright/assets/img/blog/thumb4.jpg]
[demo.graygrids.com/themes/bright/assets/img/blog/thumb5.jpg]
[demo.graygrids.com/themes/bright/assets/img/blog/thumb6.jpg]
[demo.graygrids.com/themes/bright/assets/img/blog/post-1.jpg]
[demo.graygrids.com/themes/bright/assets/img/blog/post-3.jpg]
[demo.graygrids.com/themes/bright/assets/img/blog/post-2.jpg]
[demo.graygrids.com/themes/bright/blog-left-sidebar.html]
[demo.graygrids.com/themes/bright/blog-full-width.html]
[demo.graygrids.com/themes/bright/assets/img/blog/img-1.jpg]
[demo.graygrids.com/themes/bright/assets/img/blog/img-01.jpg]
[demo.graygrids.com/themes/bright/assets/img/blog/author.jpg]
[demo.graygrids.com/themes/bright/assets/img/blog/user1.jpg]
[demo.graygrids.com/themes/bright/assets/img/blog/user2.jpg]
[demo.graygrids.com/themes/bright/assets/img/blog/user3.jpg]
[demo.graygrids.com/themes/bright/single-post.html]
[demo.graygrids.com/themes/bright/assets/fonts/glyphicons-halflings-regular.html]
[demo.graygrids.com/themes/bright/assets/fonts/glyphicons-halflings-regulard41d.html]
[demo.graygrids.com/themes/bright/assets/fonts/glyphicons-halflings-regular-2.html]
[demo.graygrids.com/themes/bright/assets/fonts/glyphicons-halflings-regular-3.html]
[demo.graygrids.com/themes/bright/assets/fonts/glyphicons-halflings-regular-4.html]
[demo.graygrids.com/themes/bright/assets/fonts/glyphicons-halflings-regular-5.html]
[demo.graygrids.com/themes/bright/assets/fonts/fontawesome-webfont3e6e.svg]
[demo.graygrids.com/themes/bright/assets/extras/grabbing.html]
[demo.graygrids.com/themes/bright/assets/extras/AjaxLoader.html]
[demo.graygrids.com/themes/bright/assets/images/gradient/g30.html]
[demo.graygrids.com/themes/bright/assets/images/gradient/g40.html]
[demo.graygrids.com/themes/bright/assets/assets/shadow1.html]
[demo.graygrids.com/themes/bright/assets/assets/shadow2.html]
[demo.graygrids.com/themes/bright/assets/assets/shadow3.html]
[demo.graygrids.com/themes/bright/assets/assets/gridtile.html]
[demo.graygrids.com/themes/bright/assets/assets/gridtile_white.html]
[demo.graygrids.com/themes/bright/assets/assets/gridtile_3x3.html]
[demo.graygrids.com/themes/bright/assets/assets/gridtile_3x3_white.html]
[demo.graygrids.com/themes/bright/assets/assets/boxed_bgtile.html]
[demo.graygrids.com/themes/bright/assets/assets/navigdots_bgtile.html]
[demo.graygrids.com/themes/bright/assets/assets/bullet.html]
[demo.graygrids.com/themes/bright/assets/assets/bullets.html]
[demo.graygrids.com/themes/bright/assets/assets/bullets2.html]
[demo.graygrids.com/themes/bright/assets/assets/bullet_boxed.html]
[demo.graygrids.com/themes/bright/assets/assets/navigdots.html]
[demo.graygrids.com/themes/bright/assets/assets/large_left.html]
[demo.graygrids.com/themes/bright/assets/assets/large_right.html]
[demo.graygrids.com/themes/bright/assets/assets/small_left.html]
[demo.graygrids.com/themes/bright/assets/assets/small_right.html]
[demo.graygrids.com/themes/bright/assets/assets/arrow_left.html]
[demo.graygrids.com/themes/bright/assets/assets/arrow_right.html]
[demo.graygrids.com/themes/bright/assets/assets/small_left_boxed.html]
[demo.graygrids.com/themes/bright/assets/assets/small_right_boxed.html]
[demo.graygrids.com/themes/bright/assets/assets/arrowleft.html]
[demo.graygrids.com/themes/bright/assets/assets/arrowright.html]
[demo.graygrids.com/themes/bright/assets/assets/arrow_left2.html]
[demo.graygrids.com/themes/bright/assets/assets/arrow_right2.html]
[demo.graygrids.com/themes/bright/assets/assets/coloredbg.html]
[demo.graygrids.com/themes/bright/assets/assets/loader.html]
[demo.graygrids.com/themes/bright/assets/font/revicons90c6.html]
[demo.graygrids.com/themes/bright/assets/font/revicons90c6-2.html]
[demo.graygrids.com/themes/bright/assets/font/revicons90c6-3.html]
[demo.graygrids.com/themes/bright/assets/font/revicons90c6-4.html]
[demo.graygrids.com/themes/bright/teachers.html]
[demo.graygrids.com/themes/bright/assets/img/event/img-4.jpg]
[demo.graygrids.com/themes/bright/event.html]
[demo.graygrids.com/themes/bright/blog.html]
